{
  "String": "ğŸ’©ğŸ’©ğŸ’©ğŸ’©ğŸ’©",
  "StringPtr": "ğŸ’©ğŸ’©ğŸ’©ğŸ’©ğŸ’©",
  "Byte": 1,
  "BytePtr": 1,
  "Rune": -1,
  "RunPtr": -1,
  "Uint": 1,
  "UintPtr": 1,
  "Uint8": 1,
  "Uint8Ptr": 1,
  "Uint16": 1,
  "Uint16Ptr": 1,
  "Uint32": 1,
  "Uint32Ptr": 1,
  "Uint64": 1,
  "Uint64Ptr": 1,
  "Int": -1,
  "IntPtr": -1,
  "Int8": -1,
  "Int8Ptr": -1,
  "Int32": -1,
  "Int32Ptr": -1,
  "Int64": -1,
  "Int64Ptr": -1,
  "Float32": -1,
  "Float32Ptr": -1,
  "Float64": -1,
  "Float64Ptr": -1,
  "Struct": {"String": "ğŸ’©ğŸ’©ğŸ’©ğŸ’©ğŸ’©"},
  "StructPtr": {"String": "ğŸ’©ğŸ’©ğŸ’©ğŸ’©ğŸ’©"}
}
